
Discarded input sections

 .text          0x00000000        0x0 main.o
 .data          0x00000000        0x0 main.o
 .bss           0x00000000        0x0 main.o
 .comment       0x00000000       0x10 main.o
 .text          0x00000000        0x0 start.o
 .data          0x00000000        0x0 start.o
 .bss           0x00000000        0x0 start.o

Memory Configuration

Name             Origin             Length             Attributes
RAM              0x00000000         0x00020000         xrw
AEE_ROM          0xffff8000         0x00004000         xr
AEE_RAM          0xffffc000         0x00004000         rw
*default*        0x00000000         0xffffffff

Linker script and memory map


.text           0xffff8000      0x268
 *(.init)
 .init          0xffff8000      0x188 start.o
                0xffff8000                _start
                0xffff8074                _machine_exception_handler
 *(.text*)
 .text.uart_tx_fifo_full
                0xffff8188       0x34 main.o
 .text.uart_tx  0xffff81bc       0x2c main.o
 .text.exception_handler
                0xffff81e8       0x54 main.o
                0xffff81e8                exception_handler
 .text.main     0xffff823c       0x2c main.o
                0xffff823c                main
                0xffff8268                        __text_end = .
 *(.rodata*)

.rela.dyn       0xffff8268        0x0
 .rela.init     0xffff8268        0x0 main.o

.data           0xffffc000        0x0 load address 0xffff8268
                0xffffc000                        __data_begin = .
 *(.data*)
 *(.eh_frame*)
                0xffffc000                        __data_end = ALIGN (0x4)

.bss            0xffffc000        0x0
                0xffffc000                        __bss_begin = .
 *(.bss*)
 *(.sbss)
                0xffffc000                        __bss_end = ALIGN (0x4)
                0x00000000                        __stack_top = 0x0

.sbss.uart0     0xffffc000        0x4
 .sbss.uart0    0xffffc000        0x4 main.o

/DISCARD/
 *(.comment)
LOAD main.o
LOAD start.o
LOAD /opt/riscv-toolchain/lib/gcc/riscv32-unknown-elf/15.1.0/libgcc.a
START GROUP
LOAD /opt/riscv-toolchain/lib/gcc/riscv32-unknown-elf/15.1.0/../../../../riscv32-unknown-elf/lib/libc.a
END GROUP
LOAD /opt/riscv-toolchain/lib/gcc/riscv32-unknown-elf/15.1.0/libgcc.a
START GROUP
LOAD /opt/riscv-toolchain/lib/gcc/riscv32-unknown-elf/15.1.0/libgcc.a
LOAD /opt/riscv-toolchain/lib/gcc/riscv32-unknown-elf/15.1.0/../../../../riscv32-unknown-elf/lib/libc.a
LOAD /opt/riscv-toolchain/lib/gcc/riscv32-unknown-elf/15.1.0/../../../../riscv32-unknown-elf/lib/libnosys.a
END GROUP
OUTPUT(bootloader.elf elf32-littleriscv)

.note.GNU-stack
                0x00000000        0x0
 .note.GNU-stack
                0x00000000        0x0 main.o

.riscv.attributes
                0x00000000       0x37
 .riscv.attributes
                0x00000000       0x33 main.o
 .riscv.attributes
                0x00000033       0x27 start.o
