
Discarded input sections

 .text          0x0000000000000000        0x0 main.o
 .data          0x0000000000000000        0x0 main.o
 .bss           0x0000000000000000        0x0 main.o
 .comment       0x0000000000000000       0x1c main.o
 .text          0x0000000000000000        0x0 start.o
 .data          0x0000000000000000        0x0 start.o
 .bss           0x0000000000000000        0x0 start.o

Memory Configuration

Name             Origin             Length             Attributes
RAM              0x0000000000000000 0x0000000000020000 xrw
AEE_ROM          0x00000000ffff8000 0x0000000000004000 xr
AEE_RAM          0x00000000ffffc000 0x0000000000004000 rw
*default*        0x0000000000000000 0xffffffffffffffff

Linker script and memory map


.text           0x00000000ffff8000      0x447
 *(.init)
 .init          0x00000000ffff8000      0x188 start.o
                0x00000000ffff8000                _start
                0x00000000ffff8074                _machine_exception_handler
 *(.text*)
 .text.uart_tx_string.constprop.0
                0x00000000ffff8188       0x2c main.o
 .text.exception_handler
                0x00000000ffff81b4       0x20 main.o
                0x00000000ffff81b4                exception_handler
 .text.startup.main
                0x00000000ffff81d4       0xf4 main.o
                0x00000000ffff81d4                main
                0x00000000ffff82c8                __text_end = .
 *(.rodata*)
 .rodata.main.str1.4
                0x00000000ffff82c8      0x17f main.o

.rela.dyn       0x00000000ffff8448        0x0
 .rela.init     0x00000000ffff8448        0x0 main.o

.data           0x00000000ffffc000        0x0 load address 0x00000000ffff8447
                0x00000000ffffc000                __data_begin = .
 *(.data*)
 *(.eh_frame*)
                0x00000000ffffc000                __data_end = ALIGN (0x4)

.bss            0x00000000ffffc000        0x0
                0x00000000ffffc000                __bss_begin = .
 *(.bss*)
 *(.sbss)
                0x00000000ffffc000                __bss_end = ALIGN (0x4)
                0x0000000000000000                __stack_top = 0x0

.sbss.uart0     0x00000000ffffc000        0x4
 .sbss.uart0    0x00000000ffffc000        0x4 main.o

/DISCARD/
 *(.comment)
LOAD main.o
LOAD start.o
LOAD /home/farhad/riscv-toolchain/rv32im-toolchain/bin/../lib/gcc/riscv32-unknown-elf/12.1.0/libgcc.a
START GROUP
LOAD /home/farhad/riscv-toolchain/rv32im-toolchain/bin/../lib/gcc/riscv32-unknown-elf/12.1.0/../../../../riscv32-unknown-elf/lib/libc.a
END GROUP
LOAD /home/farhad/riscv-toolchain/rv32im-toolchain/bin/../lib/gcc/riscv32-unknown-elf/12.1.0/libgcc.a
START GROUP
LOAD /home/farhad/riscv-toolchain/rv32im-toolchain/bin/../lib/gcc/riscv32-unknown-elf/12.1.0/libgcc.a
LOAD /home/farhad/riscv-toolchain/rv32im-toolchain/bin/../lib/gcc/riscv32-unknown-elf/12.1.0/../../../../riscv32-unknown-elf/lib/libc.a
LOAD /home/farhad/riscv-toolchain/rv32im-toolchain/bin/../lib/gcc/riscv32-unknown-elf/12.1.0/../../../../riscv32-unknown-elf/lib/libnosys.a
END GROUP
OUTPUT(bootloader.elf elf32-littleriscv)

.riscv.attributes
                0x0000000000000000       0x2e
 .riscv.attributes
                0x0000000000000000       0x2a main.o
 .riscv.attributes
                0x000000000000002a       0x2c start.o
