Archive member included to satisfy reference by file (symbol)

/home/farhad/riscv-toolchain/rv32im-toolchain/bin/../lib/gcc/riscv32-unknown-elf/12.1.0/libgcc.a(div.o)
                              func.o (__divsi3)

Discarded input sections

 .text          0x0000000000000000        0x0 fputest.o
 .data          0x0000000000000000        0x0 fputest.o
 .bss           0x0000000000000000        0x0 fputest.o
 .comment       0x0000000000000000       0x1c fputest.o
 .text          0x0000000000000000        0x0 start.o
 .data          0x0000000000000000        0x0 start.o
 .bss           0x0000000000000000        0x0 start.o
 .text          0x0000000000000000        0x0 func.o
 .data          0x0000000000000000        0x0 func.o
 .bss           0x0000000000000000        0x0 func.o
 .comment       0x0000000000000000       0x1c func.o
 .data          0x0000000000000000        0x0 /home/farhad/riscv-toolchain/rv32im-toolchain/bin/../lib/gcc/riscv32-unknown-elf/12.1.0/libgcc.a(div.o)
 .bss           0x0000000000000000        0x0 /home/farhad/riscv-toolchain/rv32im-toolchain/bin/../lib/gcc/riscv32-unknown-elf/12.1.0/libgcc.a(div.o)

Memory Configuration

Name             Origin             Length             Attributes
RAM              0x0000000000000000 0x0000000000002000 xrw
*default*        0x0000000000000000 0xffffffffffffffff

Linker script and memory map


.text           0x0000000000000000      0x538
 *(.init)
 .init          0x0000000000000000      0x158 start.o
                0x0000000000000000                _start
                0x0000000000000044                _machine_exception_handler
                0x0000000000000158                __text_begin = .
 *(.text*)
 .text.uart_tx_string.constprop.0
                0x0000000000000158       0x2c fputest.o
 .text.exception_handler
                0x0000000000000184       0x2c fputest.o
                0x0000000000000184                exception_handler
 .text.startup.main
                0x00000000000001b0       0xb8 fputest.o
                0x00000000000001b0                main
 .text.mul      0x0000000000000268       0x14 func.o
                0x0000000000000268                mul
 .text.reverse  0x000000000000027c       0x34 func.o
                0x000000000000027c                reverse
 .text.int_to_str
                0x00000000000002b0      0x110 func.o
                0x00000000000002b0                int_to_str
 .text.fp2str   0x00000000000003c0       0xc4 func.o
                0x00000000000003c0                fp2str
 .text          0x0000000000000484       0xb4 /home/farhad/riscv-toolchain/rv32im-toolchain/bin/../lib/gcc/riscv32-unknown-elf/12.1.0/libgcc.a(div.o)
                0x0000000000000484                __divsi3
                0x000000000000048c                __hidden___udivsi3
                0x000000000000048c                __udivsi3
                0x00000000000004d4                __umodsi3
                0x0000000000000508                __modsi3
                0x0000000000000538                __text_end = .

.rodata         0x0000000000000538       0x23
                0x0000000000000538                __rodata_begin = .
 *(.rodata*)
 .rodata.main.str1.4
                0x0000000000000538       0x23 fputest.o
                0x000000000000055b                __rodata_end = .

.srodata.cst4   0x000000000000055c       0x14
 .srodata.cst4  0x000000000000055c        0x8 fputest.o
 .srodata.cst4  0x0000000000000564        0xc func.o

.rela.dyn       0x0000000000000570        0x0
 .rela.init     0x0000000000000570        0x0 fputest.o

.data           0x0000000000000570        0x0
                0x0000000000000570                __data_begin = .
 *(.data*)
 *(.eh_frame*)
                0x0000000000000570                __data_end = .

.bss            0x0000000000000570        0x8
                0x0000000000000570                __bss_begin = .
 *(.bss*)
 *(.sbss*)
 .sbss.timer0   0x0000000000000570        0x4 fputest.o
 .sbss.uart0    0x0000000000000574        0x4 fputest.o
                0x0000000000000578                __bss_end = ALIGN (0x4)
                0x0000000000002000                __stack_top = 0x2000

/DISCARD/
 *(.comment)
LOAD fputest.o
LOAD start.o
LOAD func.o
LOAD /home/farhad/riscv-toolchain/rv32im-toolchain/bin/../lib/gcc/riscv32-unknown-elf/12.1.0/../../../../riscv32-unknown-elf/lib/libm.a
LOAD /home/farhad/riscv-toolchain/rv32im-toolchain/bin/../lib/gcc/riscv32-unknown-elf/12.1.0/libgcc.a
START GROUP
LOAD /home/farhad/riscv-toolchain/rv32im-toolchain/bin/../lib/gcc/riscv32-unknown-elf/12.1.0/../../../../riscv32-unknown-elf/lib/libc.a
END GROUP
LOAD /home/farhad/riscv-toolchain/rv32im-toolchain/bin/../lib/gcc/riscv32-unknown-elf/12.1.0/libgcc.a
START GROUP
LOAD /home/farhad/riscv-toolchain/rv32im-toolchain/bin/../lib/gcc/riscv32-unknown-elf/12.1.0/libgcc.a
LOAD /home/farhad/riscv-toolchain/rv32im-toolchain/bin/../lib/gcc/riscv32-unknown-elf/12.1.0/../../../../riscv32-unknown-elf/lib/libc.a
LOAD /home/farhad/riscv-toolchain/rv32im-toolchain/bin/../lib/gcc/riscv32-unknown-elf/12.1.0/../../../../riscv32-unknown-elf/lib/libnosys.a
END GROUP
OUTPUT(fputest.elf elf32-littleriscv)

.riscv.attributes
                0x0000000000000000       0x33
 .riscv.attributes
                0x0000000000000000       0x33 fputest.o
 .riscv.attributes
                0x0000000000000033       0x31 start.o
 .riscv.attributes
                0x0000000000000064       0x2f func.o
 .riscv.attributes
                0x0000000000000093       0x28 /home/farhad/riscv-toolchain/rv32im-toolchain/bin/../lib/gcc/riscv32-unknown-elf/12.1.0/libgcc.a(div.o)

.debug_line     0x0000000000000000      0x153
 .debug_line    0x0000000000000000      0x153 /home/farhad/riscv-toolchain/rv32im-toolchain/bin/../lib/gcc/riscv32-unknown-elf/12.1.0/libgcc.a(div.o)

.debug_line_str
                0x0000000000000000       0x94
 .debug_line_str
                0x0000000000000000       0x94 /home/farhad/riscv-toolchain/rv32im-toolchain/bin/../lib/gcc/riscv32-unknown-elf/12.1.0/libgcc.a(div.o)

.debug_info     0x0000000000000000       0x59
 .debug_info    0x0000000000000000       0x59 /home/farhad/riscv-toolchain/rv32im-toolchain/bin/../lib/gcc/riscv32-unknown-elf/12.1.0/libgcc.a(div.o)

.debug_abbrev   0x0000000000000000       0x21
 .debug_abbrev  0x0000000000000000       0x21 /home/farhad/riscv-toolchain/rv32im-toolchain/bin/../lib/gcc/riscv32-unknown-elf/12.1.0/libgcc.a(div.o)

.debug_aranges  0x0000000000000000       0x20
 .debug_aranges
                0x0000000000000000       0x20 /home/farhad/riscv-toolchain/rv32im-toolchain/bin/../lib/gcc/riscv32-unknown-elf/12.1.0/libgcc.a(div.o)

.debug_str      0x0000000000000000       0xcf
 .debug_str     0x0000000000000000       0xcf /home/farhad/riscv-toolchain/rv32im-toolchain/bin/../lib/gcc/riscv32-unknown-elf/12.1.0/libgcc.a(div.o)
                                         0xd9 (size before relaxing)
